I'm sorry, but errors were detected in your script. Please correct the
errors listed below, and try again.


File "game/screens.rpy", line 901: 'size' is not a keyword argument or valid child of the textbutton statement.
    size 30
        ^

Ren'Py Version: Ren'Py 8.3.2.24090902
Fri Jun  6 15:03:43 2025
